// Jest Snapshot v1, https://goo.gl/fbAQLP

exports[`matches snapshot 1`] = `
<div
  data-testid="user-1"
  style={
    Object {
      "color": "red",
    }
  }
>
  John
</div>
`;
